Performing system checks...

System check identified no issues (0 silenced).
January 31, 2025 - 09:03:39
Django version 4.2.17, using settings 'bitacora.settings'
Starting development server at http://127.0.0.1:9098/
Quit the server with CTRL-BREAK.

Performing system checks...

System check identified no issues (0 silenced).
January 31, 2025 - 09:04:33
Django version 4.2.17, using settings 'bitacora.settings'
Starting development server at http://127.0.0.1:9098/
Quit the server with CTRL-BREAK.

Performing system checks...

System check identified no issues (0 silenced).
January 31, 2025 - 09:10:30
Django version 4.2.17, using settings 'bitacora.settings'
Starting development server at http://127.0.0.1:9098/
Quit the server with CTRL-BREAK.

Performing system checks...

System check identified no issues (0 silenced).
January 31, 2025 - 09:16:43
Django version 4.2.17, using settings 'bitacora.settings'
Starting development server at http://127.0.0.1:9098/
Quit the server with CTRL-BREAK.

Performing system checks...

System check identified no issues (0 silenced).
January 31, 2025 - 09:18:31
Django version 4.2.17, using settings 'bitacora.settings'
Starting development server at http://127.0.0.1:9098/
Quit the server with CTRL-BREAK.

Performing system checks...

System check identified no issues (0 silenced).
January 31, 2025 - 09:19:37
Django version 4.2.17, using settings 'bitacora.settings'
Starting development server at http://127.0.0.1:9098/
Quit the server with CTRL-BREAK.

Performing system checks...

System check identified no issues (0 silenced).
January 31, 2025 - 09:24:37
Django version 4.2.17, using settings 'bitacora.settings'
Starting development server at http://127.0.0.1:9098/
Quit the server with CTRL-BREAK.

Performing system checks...

System check identified no issues (0 silenced).
January 31, 2025 - 09:30:38
Django version 4.2.17, using settings 'bitacora.settings'
Starting development server at http://127.0.0.1:9098/
Quit the server with CTRL-BREAK.

Performing system checks...

System check identified no issues (0 silenced).
January 31, 2025 - 09:31:19
Django version 4.2.17, using settings 'bitacora.settings'
Starting development server at http://127.0.0.1:9098/
Quit the server with CTRL-BREAK.

Performing system checks...

System check identified no issues (0 silenced).
January 31, 2025 - 09:35:15
Django version 4.2.17, using settings 'bitacora.settings'
Starting development server at http://127.0.0.1:9098/
Quit the server with CTRL-BREAK.

Performing system checks...

System check identified no issues (0 silenced).
January 31, 2025 - 09:59:02
Django version 4.2.17, using settings 'bitacora.settings'
Starting development server at http://127.0.0.1:9098/
Quit the server with CTRL-BREAK.

Performing system checks...

System check identified no issues (0 silenced).
January 31, 2025 - 10:11:50
Django version 4.2.17, using settings 'bitacora.settings'
Starting development server at http://127.0.0.1:9098/
Quit the server with CTRL-BREAK.

Performing system checks...

System check identified no issues (0 silenced).
January 31, 2025 - 10:15:25
Django version 4.2.17, using settings 'bitacora.settings'
Starting development server at http://127.0.0.1:9098/
Quit the server with CTRL-BREAK.

Performing system checks...

System check identified no issues (0 silenced).
January 31, 2025 - 11:50:37
Django version 4.2.17, using settings 'bitacora.settings'
Starting development server at http://127.0.0.1:9098/
Quit the server with CTRL-BREAK.

Performing system checks...

System check identified no issues (0 silenced).
January 31, 2025 - 11:51:39
Django version 4.2.17, using settings 'bitacora.settings'
Starting development server at http://127.0.0.1:9098/
Quit the server with CTRL-BREAK.

Performing system checks...

System check identified no issues (0 silenced).
January 31, 2025 - 12:12:57
Django version 4.2.17, using settings 'bitacora.settings'
Starting development server at http://127.0.0.1:9098/
Quit the server with CTRL-BREAK.

E:\web\bitacora\bitacora\settings.py:200: SyntaxWarning: invalid escape sequence '\l'
  "site_logo": "image\logo.png",  # Ruta dentro del directorio estático
E:\web\bitacora\bitacora\settings.py:203: SyntaxWarning: invalid escape sequence '\l'
  "login_logo": "image\logo.png",  # Logo en la página de inicio de sesión
E:\web\bitacora\bitacora\settings.py:204: SyntaxWarning: invalid escape sequence '\l'
  "login_logo_dark": "image\logo.png",  # Logo en temas oscuros
Performing system checks...

System check identified no issues (0 silenced).
January 31, 2025 - 12:24:53
Django version 4.2.17, using settings 'bitacora.settings'
Starting development server at http://127.0.0.1:9098/
Quit the server with CTRL-BREAK.

