Traceback (most recent call last):
  File "C:\python\python13\Lib\site-packages\django\core\management\base.py", line 413, in run_from_argv
    self.execute(*args, **cmd_options)
    ~~~~~~~~~~~~^^^^^^^^^^^^^^^^^^^^^^
  File "C:\python\python13\Lib\site-packages\django\core\management\commands\runserver.py", line 75, in execute
    super().execute(*args, **options)
    ~~~~~~~~~~~~~~~^^^^^^^^^^^^^^^^^^
  File "C:\python\python13\Lib\site-packages\django\core\management\base.py", line 459, in execute
    output = self.handle(*args, **options)
  File "C:\python\python13\Lib\site-packages\django\core\management\commands\runserver.py", line 82, in handle
    if not settings.DEBUG and not settings.ALLOWED_HOSTS:
           ^^^^^^^^^^^^^^
  File "C:\python\python13\Lib\site-packages\django\conf\__init__.py", line 81, in __getattr__
    self._setup(name)
    ~~~~~~~~~~~^^^^^^
  File "C:\python\python13\Lib\site-packages\django\conf\__init__.py", line 68, in _setup
    self._wrapped = Settings(settings_module)
                    ~~~~~~~~^^^^^^^^^^^^^^^^^
  File "C:\python\python13\Lib\site-packages\django\conf\__init__.py", line 166, in __init__
    mod = importlib.import_module(self.SETTINGS_MODULE)
  File "C:\python\python13\Lib\importlib\__init__.py", line 88, in import_module
    return _bootstrap._gcd_import(name[level:], package, level)
           ~~~~~~~~~~~~~~~~~~~~~~^^^^^^^^^^^^^^^^^^^^^^^^^^^^^^
  File "<frozen importlib._bootstrap>", line 1387, in _gcd_import
  File "<frozen importlib._bootstrap>", line 1360, in _find_and_load
  File "<frozen importlib._bootstrap>", line 1331, in _find_and_load_unlocked
  File "<frozen importlib._bootstrap>", line 935, in _load_unlocked
  File "<frozen importlib._bootstrap_external>", line 1026, in exec_module
  File "<frozen importlib._bootstrap>", line 488, in _call_with_frames_removed
  File "E:\web\bitacora\bitacora\settings.py", line 15, in <module>
    from ldap3 import Server, Connection, ALL, NTLM
ModuleNotFoundError: No module named 'ldap3'

During handling of the above exception, another exception occurred:

Traceback (most recent call last):
  File "E:\web\bitacora\manage.py", line 22, in <module>
    main()
    ~~~~^^
  File "E:\web\bitacora\manage.py", line 18, in main
    execute_from_command_line(sys.argv)
    ~~~~~~~~~~~~~~~~~~~~~~~~~^^^^^^^^^^
  File "C:\python\python13\Lib\site-packages\django\core\management\__init__.py", line 442, in execute_from_command_line
    utility.execute()
    ~~~~~~~~~~~~~~~^^
  File "C:\python\python13\Lib\site-packages\django\core\management\__init__.py", line 436, in execute
    self.fetch_command(subcommand).run_from_argv(self.argv)
    ~~~~~~~~~~~~~~~~~~~~~~~~~~~~~~~~~~~~~~~~~~~~^^^^^^^^^^^
  File "C:\python\python13\Lib\site-packages\django\core\management\base.py", line 426, in run_from_argv
    connections.close_all()
    ~~~~~~~~~~~~~~~~~~~~~^^
  File "C:\python\python13\Lib\site-packages\django\utils\connection.py", line 84, in close_all
    for conn in self.all(initialized_only=True):
                ~~~~~~~~^^^^^^^^^^^^^^^^^^^^^^^
  File "C:\python\python13\Lib\site-packages\django\utils\connection.py", line 78, in all
    for alias in self
                 ^^^^
  File "C:\python\python13\Lib\site-packages\django\utils\connection.py", line 73, in __iter__
    return iter(self.settings)
                ^^^^^^^^^^^^^
  File "C:\python\python13\Lib\site-packages\django\utils\functional.py", line 47, in __get__
    res = instance.__dict__[self.name] = self.func(instance)
                                         ~~~~~~~~~^^^^^^^^^^
  File "C:\python\python13\Lib\site-packages\django\utils\connection.py", line 45, in settings
    self._settings = self.configure_settings(self._settings)
                     ~~~~~~~~~~~~~~~~~~~~~~~^^^^^^^^^^^^^^^^
  File "C:\python\python13\Lib\site-packages\django\db\utils.py", line 148, in configure_settings
    databases = super().configure_settings(databases)
  File "C:\python\python13\Lib\site-packages\django\utils\connection.py", line 50, in configure_settings
    settings = getattr(django_settings, self.settings_name)
  File "C:\python\python13\Lib\site-packages\django\conf\__init__.py", line 81, in __getattr__
    self._setup(name)
    ~~~~~~~~~~~^^^^^^
  File "C:\python\python13\Lib\site-packages\django\conf\__init__.py", line 68, in _setup
    self._wrapped = Settings(settings_module)
                    ~~~~~~~~^^^^^^^^^^^^^^^^^
  File "C:\python\python13\Lib\site-packages\django\conf\__init__.py", line 166, in __init__
    mod = importlib.import_module(self.SETTINGS_MODULE)
  File "C:\python\python13\Lib\importlib\__init__.py", line 88, in import_module
    return _bootstrap._gcd_import(name[level:], package, level)
           ~~~~~~~~~~~~~~~~~~~~~~^^^^^^^^^^^^^^^^^^^^^^^^^^^^^^
  File "<frozen importlib._bootstrap>", line 1387, in _gcd_import
  File "<frozen importlib._bootstrap>", line 1360, in _find_and_load
  File "<frozen importlib._bootstrap>", line 1331, in _find_and_load_unlocked
  File "<frozen importlib._bootstrap>", line 935, in _load_unlocked
  File "<frozen importlib._bootstrap_external>", line 1026, in exec_module
  File "<frozen importlib._bootstrap>", line 488, in _call_with_frames_removed
  File "E:\web\bitacora\bitacora\settings.py", line 15, in <module>
    from ldap3 import Server, Connection, ALL, NTLM
ModuleNotFoundError: No module named 'ldap3'
