Performing system checks...

System check identified no issues (0 silenced).
January 31, 2025 - 09:03:24
Django version 4.2.17, using settings 'bitacora.settings'
Starting development server at http://127.0.0.1:9049/
Quit the server with CTRL-BREAK.

Performing system checks...

System check identified no issues (0 silenced).
January 31, 2025 - 09:04:33
Django version 4.2.17, using settings 'bitacora.settings'
Starting development server at http://127.0.0.1:9049/
Quit the server with CTRL-BREAK.

Fallo en la autenticación con el servidor LDAP ldap://dc2.corralport.com:389
Fallo en la autenticación con el servidor LDAP ldap://spr.reloncavi.cl.:389
Performing system checks...

System check identified no issues (0 silenced).
January 31, 2025 - 09:10:30
Django version 4.2.17, using settings 'bitacora.settings'
Starting development server at http://127.0.0.1:9049/
Quit the server with CTRL-BREAK.

Performing system checks...

System check identified no issues (0 silenced).
January 31, 2025 - 09:16:42
Django version 4.2.17, using settings 'bitacora.settings'
Starting development server at http://127.0.0.1:9049/
Quit the server with CTRL-BREAK.

Performing system checks...

System check identified no issues (0 silenced).
January 31, 2025 - 09:18:31
Django version 4.2.17, using settings 'bitacora.settings'
Starting development server at http://127.0.0.1:9049/
Quit the server with CTRL-BREAK.

E:\web\bitacora\bitacora\settings.py:201: SyntaxWarning: invalid escape sequence '\l'
  "site_logo": "image\logo.png",  # Ruta dentro del directorio estático
E:\web\bitacora\bitacora\settings.py:204: SyntaxWarning: invalid escape sequence '\l'
  "login_logo": "image\logo.png",  # Logo en la página de inicio de sesión
E:\web\bitacora\bitacora\settings.py:205: SyntaxWarning: invalid escape sequence '\l'
  "login_logo_dark": "image\logo.png",  # Logo en temas oscuros
Performing system checks...

System check identified no issues (0 silenced).
January 31, 2025 - 09:19:22
Django version 4.2.17, using settings 'bitacora.settings'
Starting development server at http://127.0.0.1:9049/
Quit the server with CTRL-BREAK.

E:\web\bitacora\bitacora\settings.py:200: SyntaxWarning: invalid escape sequence '\l'
  "site_logo": "image\logo.png",  # Ruta dentro del directorio estático
E:\web\bitacora\bitacora\settings.py:203: SyntaxWarning: invalid escape sequence '\l'
  "login_logo": "image\logo.png",  # Logo en la página de inicio de sesión
E:\web\bitacora\bitacora\settings.py:204: SyntaxWarning: invalid escape sequence '\l'
  "login_logo_dark": "image\logo.png",  # Logo en temas oscuros
Performing system checks...

System check identified no issues (0 silenced).
January 31, 2025 - 09:24:33
Django version 4.2.17, using settings 'bitacora.settings'
Starting development server at http://127.0.0.1:9049/
Quit the server with CTRL-BREAK.

Performing system checks...

System check identified no issues (0 silenced).
January 31, 2025 - 09:30:31
Django version 4.2.17, using settings 'bitacora.settings'
Starting development server at http://127.0.0.1:9049/
Quit the server with CTRL-BREAK.

Performing system checks...

System check identified no issues (0 silenced).
January 31, 2025 - 09:31:19
Django version 4.2.17, using settings 'bitacora.settings'
Starting development server at http://127.0.0.1:9049/
Quit the server with CTRL-BREAK.

Performing system checks...

System check identified no issues (0 silenced).
January 31, 2025 - 09:35:15
Django version 4.2.17, using settings 'bitacora.settings'
Starting development server at http://127.0.0.1:9049/
Quit the server with CTRL-BREAK.

Performing system checks...

System check identified no issues (0 silenced).
January 31, 2025 - 09:59:03
Django version 4.2.17, using settings 'bitacora.settings'
Starting development server at http://127.0.0.1:9049/
Quit the server with CTRL-BREAK.

Performing system checks...

System check identified no issues (0 silenced).
January 31, 2025 - 10:11:50
Django version 4.2.17, using settings 'bitacora.settings'
Starting development server at http://127.0.0.1:9049/
Quit the server with CTRL-BREAK.

Performing system checks...

System check identified no issues (0 silenced).
January 31, 2025 - 10:15:26
Django version 4.2.17, using settings 'bitacora.settings'
Starting development server at http://127.0.0.1:9049/
Quit the server with CTRL-BREAK.

Performing system checks...

System check identified no issues (0 silenced).
January 31, 2025 - 11:50:37
Django version 4.2.17, using settings 'bitacora.settings'
Starting development server at http://127.0.0.1:9049/
Quit the server with CTRL-BREAK.

Performing system checks...

System check identified no issues (0 silenced).
January 31, 2025 - 11:51:39
Django version 4.2.17, using settings 'bitacora.settings'
Starting development server at http://127.0.0.1:9049/
Quit the server with CTRL-BREAK.

Performing system checks...

System check identified no issues (0 silenced).
January 31, 2025 - 12:12:56
Django version 4.2.17, using settings 'bitacora.settings'
Starting development server at http://127.0.0.1:9049/
Quit the server with CTRL-BREAK.

E:\web\bitacora\bitacora\settings.py:200: SyntaxWarning: invalid escape sequence '\l'
  "site_logo": "image\logo.png",  # Ruta dentro del directorio estático
E:\web\bitacora\bitacora\settings.py:203: SyntaxWarning: invalid escape sequence '\l'
  "login_logo": "image\logo.png",  # Logo en la página de inicio de sesión
E:\web\bitacora\bitacora\settings.py:204: SyntaxWarning: invalid escape sequence '\l'
  "login_logo_dark": "image\logo.png",  # Logo en temas oscuros
Performing system checks...

System check identified no issues (0 silenced).
January 31, 2025 - 12:24:53
Django version 4.2.17, using settings 'bitacora.settings'
Starting development server at http://127.0.0.1:9049/
Quit the server with CTRL-BREAK.

